// Vitest Snapshot v1, https://vitest.dev/guide/snapshot.html

exports[`CsvConverter > converteToMarkdown(head,head,head
tett,test,test) - (%s) 1`] = `
"| head | head | head |
| ---- | ---- | ---- |
| tett | test | test |"
`;

exports[`CsvConverter > converteToMarkdown(test,test) - (%s) 1`] = `
"| test | test |
| ---- | ---- |
"
`;

exports[`CsvConverter > converteToMarkdown(tett,test,test) - (%s) 1`] = `
"| tett | test | test |
| ---- | ---- | ---- |
"
`;
