// Vitest Snapshot v1, https://vitest.dev/guide/snapshot.html

exports[`FoldingConverter > converteToMarkdown(Foldable text
Foldable text
Foldable text
Foldable text) - (%s) 1`] = `
"<details><summary>サマリー</summary><div>

Foldable text
Foldable text
Foldable text
Foldable text
</div></details>"
`;

exports[`FoldingConverter > converteToMarkdown(Foldable text) - (%s) 1`] = `
"<details><summary>サマリー</summary><div>

Foldable text
</div></details>"
`;
